// Jest Snapshot v1, https://goo.gl/fbAQLP

exports[`ProjectPalettes should match the snapshot 1`] = `ShallowWrapper {}`;
