// Jest Snapshot v1, https://goo.gl/fbAQLP

exports[`ProjectMaker should match the snapshot 1`] = `ShallowWrapper {}`;
